2026-09-16 06:47:08.760: [INFO] CurrentProfilePath: C:\Users\BEST-HP\OneDrive\SMR\2DAW\Desarrollo Entorno-servidor\1trimestrejava\.metadata\.plugins\org.eclipse.swt\EBWebView\Default
2026-09-16 06:47:08.760: [INFO] Profiles total count: 1
2026-09-16 06:47:08.760: [INFO] Profile: name=Perfil 1 path=C:\Users\BEST-HP\OneDrive\SMR\2DAW\Desarrollo Entorno-servidor\1trimestrejava\.metadata\.plugins\org.eclipse.swt\EBWebView\Default lastActive=null
2026-09-16 06:47:08.760: [INFO] LastUsedProfileDir: C:\Users\BEST-HP\OneDrive\SMR\2DAW\Desarrollo Entorno-servidor\1trimestrejava\.metadata\.plugins\org.eclipse.swt\EBWebView\Default
2026-09-16 06:47:08.760: [INFO] OnDoneLoading sync enabled: 0
2026-09-16 06:47:08.760: [INFO] BookmarkModelLoaded, ids_reassigned: 0
2026-09-16 06:47:08.760: [INFO] BookmarksLoadDropped droppedNodes=0
2026-09-16 06:47:08.760: [INFO] BookmarksSnapshot Startup total=0 bar=0 other=0 mobile=0 showBar=0 showBarNTP=1
2026-09-16 06:47:24.635: [INFO] BookmarksSnapshot Shutdown total=0 bar=0 other=0 mobile=0 showBar=0 showBarNTP=1
2026-09-16 06:47:24.929: [INFO] CurrentProfilePath: C:\Users\BEST-HP\OneDrive\SMR\2DAW\Desarrollo Entorno-servidor\1trimestrejava\.metadata\.plugins\org.eclipse.swt\EBWebView\Default
2026-09-16 06:47:24.929: [INFO] Profiles total count: 1
2026-09-16 06:47:24.929: [INFO] Profile: name=Perfil 1 path=C:\Users\BEST-HP\OneDrive\SMR\2DAW\Desarrollo Entorno-servidor\1trimestrejava\.metadata\.plugins\org.eclipse.swt\EBWebView\Default lastActive=2026-09-16T06:47:10.961Z
2026-09-16 06:47:24.929: [INFO] LastUsedProfileDir: C:\Users\BEST-HP\OneDrive\SMR\2DAW\Desarrollo Entorno-servidor\1trimestrejava\.metadata\.plugins\org.eclipse.swt\EBWebView\Default
2026-09-16 06:47:24.929: [INFO] MostRecentlyActiveProfile: name=Perfil 1 path=C:\Users\BEST-HP\OneDrive\SMR\2DAW\Desarrollo Entorno-servidor\1trimestrejava\.metadata\.plugins\org.eclipse.swt\EBWebView\Default lastActive=2026-09-16T06:47:10.961Z
2026-09-16 06:47:24.929: [INFO] OnDoneLoading sync enabled: 0
2026-09-16 06:47:24.929: [INFO] BookmarkModelLoaded, ids_reassigned: 0
2026-09-16 06:47:24.929: [INFO] BookmarksLoadDropped droppedNodes=0
2026-09-16 06:47:24.929: [INFO] BookmarksSnapshot Startup total=0 bar=0 other=0 mobile=0 showBar=0 showBarNTP=1
2026-09-16 06:49:43.973: [INFO] BookmarksSnapshot Shutdown total=0 bar=0 other=0 mobile=0 showBar=0 showBarNTP=1
2026-09-16 07:00:12.999: [INFO] CurrentProfilePath: C:\Users\BEST-HP\OneDrive\SMR\2DAW\Desarrollo Entorno-servidor\1trimestrejava\.metadata\.plugins\org.eclipse.swt\EBWebView\Default
2026-09-16 07:00:12.999: [INFO] Profiles total count: 1
2026-09-16 07:00:12.999: [INFO] Profile: name=Perfil 1 path=C:\Users\BEST-HP\OneDrive\SMR\2DAW\Desarrollo Entorno-servidor\1trimestrejava\.metadata\.plugins\org.eclipse.swt\EBWebView\Default lastActive=2026-09-16T06:49:42.919Z
2026-09-16 07:00:12.999: [INFO] LastUsedProfileDir: C:\Users\BEST-HP\OneDrive\SMR\2DAW\Desarrollo Entorno-servidor\1trimestrejava\.metadata\.plugins\org.eclipse.swt\EBWebView\Default
2026-09-16 07:00:12.999: [INFO] MostRecentlyActiveProfile: name=Perfil 1 path=C:\Users\BEST-HP\OneDrive\SMR\2DAW\Desarrollo Entorno-servidor\1trimestrejava\.metadata\.plugins\org.eclipse.swt\EBWebView\Default lastActive=2026-09-16T06:49:42.919Z
2026-09-16 07:00:12.999: [INFO] OnDoneLoading sync enabled: 0
2026-09-16 07:00:12.999: [INFO] BookmarkModelLoaded, ids_reassigned: 0
2026-09-16 07:00:12.999: [INFO] BookmarksLoadDropped droppedNodes=0
2026-09-16 07:00:12.999: [INFO] BookmarksSnapshot Startup total=0 bar=0 other=0 mobile=0 showBar=0 showBarNTP=1
2026-09-16 07:00:14.905: [INFO] BookmarksSnapshot Shutdown total=0 bar=0 other=0 mobile=0 showBar=0 showBarNTP=1
2026-09-16 07:00:33.145: [INFO] CurrentProfilePath: C:\Users\BEST-HP\OneDrive\SMR\2DAW\Desarrollo Entorno-servidor\1trimestrejava\.metadata\.plugins\org.eclipse.swt\EBWebView\Default
2026-09-16 07:00:33.145: [INFO] Profiles total count: 1
2026-09-16 07:00:33.145: [INFO] Profile: name=Perfil 1 path=C:\Users\BEST-HP\OneDrive\SMR\2DAW\Desarrollo Entorno-servidor\1trimestrejava\.metadata\.plugins\org.eclipse.swt\EBWebView\Default lastActive=2026-09-16T06:49:42.919Z
2026-09-16 07:00:33.145: [INFO] LastUsedProfileDir: C:\Users\BEST-HP\OneDrive\SMR\2DAW\Desarrollo Entorno-servidor\1trimestrejava\.metadata\.plugins\org.eclipse.swt\EBWebView\Default
2026-09-16 07:00:33.145: [INFO] MostRecentlyActiveProfile: name=Perfil 1 path=C:\Users\BEST-HP\OneDrive\SMR\2DAW\Desarrollo Entorno-servidor\1trimestrejava\.metadata\.plugins\org.eclipse.swt\EBWebView\Default lastActive=2026-09-16T06:49:42.919Z
2026-09-16 07:00:33.145: [INFO] OnDoneLoading sync enabled: 0
2026-09-16 07:00:33.145: [INFO] BookmarkModelLoaded, ids_reassigned: 0
2026-09-16 07:00:33.145: [INFO] BookmarksLoadDropped droppedNodes=0
2026-09-16 07:00:33.145: [INFO] BookmarksSnapshot Startup total=0 bar=0 other=0 mobile=0 showBar=0 showBarNTP=1
2026-09-16 07:02:32.471: [INFO] BookmarksSnapshot Shutdown total=0 bar=0 other=0 mobile=0 showBar=0 showBarNTP=1
2026-09-16 07:05:10.665: [INFO] CurrentProfilePath: C:\Users\BEST-HP\OneDrive\SMR\2DAW\Desarrollo Entorno-servidor\1trimestrejava\.metadata\.plugins\org.eclipse.swt\EBWebView\Default
2026-09-16 07:05:10.665: [INFO] Profiles total count: 1
2026-09-16 07:05:10.665: [INFO] Profile: name=Perfil 1 path=C:\Users\BEST-HP\OneDrive\SMR\2DAW\Desarrollo Entorno-servidor\1trimestrejava\.metadata\.plugins\org.eclipse.swt\EBWebView\Default lastActive=2026-09-16T07:04:03.482Z
2026-09-16 07:05:10.665: [INFO] LastUsedProfileDir: C:\Users\BEST-HP\OneDrive\SMR\2DAW\Desarrollo Entorno-servidor\1trimestrejava\.metadata\.plugins\org.eclipse.swt\EBWebView\Default
2026-09-16 07:05:10.665: [INFO] MostRecentlyActiveProfile: name=Perfil 1 path=C:\Users\BEST-HP\OneDrive\SMR\2DAW\Desarrollo Entorno-servidor\1trimestrejava\.metadata\.plugins\org.eclipse.swt\EBWebView\Default lastActive=2026-09-16T07:04:03.482Z
2026-09-16 07:05:10.665: [INFO] OnDoneLoading sync enabled: 0
2026-09-16 07:05:10.665: [INFO] BookmarkModelLoaded, ids_reassigned: 0
2026-09-16 07:05:10.665: [INFO] BookmarksLoadDropped droppedNodes=0
2026-09-16 07:05:10.665: [INFO] BookmarksSnapshot Startup total=0 bar=0 other=0 mobile=0 showBar=0 showBarNTP=1
2026-09-16 07:11:01.713: [INFO] BookmarksSnapshot Shutdown total=0 bar=0 other=0 mobile=0 showBar=0 showBarNTP=1
2026-09-16 07:11:15.381: [INFO] CurrentProfilePath: C:\Users\BEST-HP\OneDrive\SMR\2DAW\Desarrollo Entorno-servidor\1trimestrejava\.metadata\.plugins\org.eclipse.swt\EBWebView\Default
2026-09-16 07:11:15.381: [INFO] Profiles total count: 1
2026-09-16 07:11:15.381: [INFO] Profile: name=Perfil 1 path=C:\Users\BEST-HP\OneDrive\SMR\2DAW\Desarrollo Entorno-servidor\1trimestrejava\.metadata\.plugins\org.eclipse.swt\EBWebView\Default lastActive=2026-09-16T07:04:03.482Z
2026-09-16 07:11:15.381: [INFO] LastUsedProfileDir: C:\Users\BEST-HP\OneDrive\SMR\2DAW\Desarrollo Entorno-servidor\1trimestrejava\.metadata\.plugins\org.eclipse.swt\EBWebView\Default
2026-09-16 07:11:15.381: [INFO] MostRecentlyActiveProfile: name=Perfil 1 path=C:\Users\BEST-HP\OneDrive\SMR\2DAW\Desarrollo Entorno-servidor\1trimestrejava\.metadata\.plugins\org.eclipse.swt\EBWebView\Default lastActive=2026-09-16T07:04:03.482Z
2026-09-16 07:11:15.381: [INFO] OnDoneLoading sync enabled: 0
2026-09-16 07:11:15.381: [INFO] BookmarkModelLoaded, ids_reassigned: 0
2026-09-16 07:11:15.381: [INFO] BookmarksLoadDropped droppedNodes=0
2026-09-16 07:11:15.381: [INFO] BookmarksSnapshot Startup total=0 bar=0 other=0 mobile=0 showBar=0 showBarNTP=1
2026-09-16 07:14:03.499: [INFO] BookmarksSnapshot Shutdown total=0 bar=0 other=0 mobile=0 showBar=0 showBarNTP=1
2026-09-16 07:17:27.327: [INFO] CurrentProfilePath: C:\Users\BEST-HP\OneDrive\SMR\2DAW\Desarrollo Entorno-servidor\1trimestrejava\.metadata\.plugins\org.eclipse.swt\EBWebView\Default
2026-09-16 07:17:27.327: [INFO] Profiles total count: 1
2026-09-16 07:17:27.327: [INFO] Profile: name=Perfil 1 path=C:\Users\BEST-HP\OneDrive\SMR\2DAW\Desarrollo Entorno-servidor\1trimestrejava\.metadata\.plugins\org.eclipse.swt\EBWebView\Default lastActive=2026-09-16T07:04:03.482Z
2026-09-16 07:17:27.327: [INFO] LastUsedProfileDir: C:\Users\BEST-HP\OneDrive\SMR\2DAW\Desarrollo Entorno-servidor\1trimestrejava\.metadata\.plugins\org.eclipse.swt\EBWebView\Default
2026-09-16 07:17:27.327: [INFO] MostRecentlyActiveProfile: name=Perfil 1 path=C:\Users\BEST-HP\OneDrive\SMR\2DAW\Desarrollo Entorno-servidor\1trimestrejava\.metadata\.plugins\org.eclipse.swt\EBWebView\Default lastActive=2026-09-16T07:04:03.482Z
2026-09-16 07:17:27.327: [INFO] OnDoneLoading sync enabled: 0
2026-09-16 07:17:27.327: [INFO] BookmarkModelLoaded, ids_reassigned: 0
2026-09-16 07:17:27.327: [INFO] BookmarksLoadDropped droppedNodes=0
2026-09-16 07:17:27.327: [INFO] BookmarksSnapshot Startup total=0 bar=0 other=0 mobile=0 showBar=0 showBarNTP=1
2026-09-16 07:19:52.342: [INFO] BookmarksSnapshot Shutdown total=0 bar=0 other=0 mobile=0 showBar=0 showBarNTP=1
2026-09-16 07:20:10.880: [INFO] CurrentProfilePath: C:\Users\BEST-HP\OneDrive\SMR\2DAW\Desarrollo Entorno-servidor\1trimestrejava\.metadata\.plugins\org.eclipse.swt\EBWebView\Default
2026-09-16 07:20:10.880: [INFO] Profiles total count: 1
2026-09-16 07:20:10.880: [INFO] Profile: name=Perfil 1 path=C:\Users\BEST-HP\OneDrive\SMR\2DAW\Desarrollo Entorno-servidor\1trimestrejava\.metadata\.plugins\org.eclipse.swt\EBWebView\Default lastActive=2026-09-16T07:04:03.482Z
2026-09-16 07:20:10.880: [INFO] LastUsedProfileDir: C:\Users\BEST-HP\OneDrive\SMR\2DAW\Desarrollo Entorno-servidor\1trimestrejava\.metadata\.plugins\org.eclipse.swt\EBWebView\Default
2026-09-16 07:20:10.880: [INFO] MostRecentlyActiveProfile: name=Perfil 1 path=C:\Users\BEST-HP\OneDrive\SMR\2DAW\Desarrollo Entorno-servidor\1trimestrejava\.metadata\.plugins\org.eclipse.swt\EBWebView\Default lastActive=2026-09-16T07:04:03.482Z
2026-09-16 07:20:10.880: [INFO] OnDoneLoading sync enabled: 0
2026-09-16 07:20:10.880: [INFO] BookmarkModelLoaded, ids_reassigned: 0
2026-09-16 07:20:10.880: [INFO] BookmarksLoadDropped droppedNodes=0
2026-09-16 07:20:10.880: [INFO] BookmarksSnapshot Startup total=0 bar=0 other=0 mobile=0 showBar=0 showBarNTP=1
2026-09-16 07:31:19.631: [INFO] BookmarksSnapshot Shutdown total=0 bar=0 other=0 mobile=0 showBar=0 showBarNTP=1
2026-09-16 07:31:26.748: [INFO] CurrentProfilePath: C:\Users\BEST-HP\OneDrive\SMR\2DAW\Desarrollo Entorno-servidor\1trimestrejava\.metadata\.plugins\org.eclipse.swt\EBWebView\Default
2026-09-16 07:31:26.748: [INFO] Profiles total count: 1
2026-09-16 07:31:26.748: [INFO] Profile: name=Perfil 1 path=C:\Users\BEST-HP\OneDrive\SMR\2DAW\Desarrollo Entorno-servidor\1trimestrejava\.metadata\.plugins\org.eclipse.swt\EBWebView\Default lastActive=2026-09-16T07:31:19.498Z
2026-09-16 07:31:26.748: [INFO] LastUsedProfileDir: C:\Users\BEST-HP\OneDrive\SMR\2DAW\Desarrollo Entorno-servidor\1trimestrejava\.metadata\.plugins\org.eclipse.swt\EBWebView\Default
2026-09-16 07:31:26.748: [INFO] MostRecentlyActiveProfile: name=Perfil 1 path=C:\Users\BEST-HP\OneDrive\SMR\2DAW\Desarrollo Entorno-servidor\1trimestrejava\.metadata\.plugins\org.eclipse.swt\EBWebView\Default lastActive=2026-09-16T07:31:19.498Z
2026-09-16 07:31:26.748: [INFO] OnDoneLoading sync enabled: 0
2026-09-16 07:31:26.748: [INFO] BookmarkModelLoaded, ids_reassigned: 0
2026-09-16 07:31:26.748: [INFO] BookmarksLoadDropped droppedNodes=0
2026-09-16 07:31:26.748: [INFO] BookmarksSnapshot Startup total=0 bar=0 other=0 mobile=0 showBar=0 showBarNTP=1
2026-09-16 07:31:45.395: [INFO] BookmarksSnapshot Shutdown total=0 bar=0 other=0 mobile=0 showBar=0 showBarNTP=1
2026-09-16 07:35:33.657: [INFO] CurrentProfilePath: C:\Users\BEST-HP\OneDrive\SMR\2DAW\Desarrollo Entorno-servidor\1trimestrejava\.metadata\.plugins\org.eclipse.swt\EBWebView\Default
2026-09-16 07:35:33.657: [INFO] Profiles total count: 1
2026-09-16 07:35:33.657: [INFO] Profile: name=Perfil 1 path=C:\Users\BEST-HP\OneDrive\SMR\2DAW\Desarrollo Entorno-servidor\1trimestrejava\.metadata\.plugins\org.eclipse.swt\EBWebView\Default lastActive=2026-09-16T07:31:19.498Z
2026-09-16 07:35:33.657: [INFO] LastUsedProfileDir: C:\Users\BEST-HP\OneDrive\SMR\2DAW\Desarrollo Entorno-servidor\1trimestrejava\.metadata\.plugins\org.eclipse.swt\EBWebView\Default
2026-09-16 07:35:33.657: [INFO] MostRecentlyActiveProfile: name=Perfil 1 path=C:\Users\BEST-HP\OneDrive\SMR\2DAW\Desarrollo Entorno-servidor\1trimestrejava\.metadata\.plugins\org.eclipse.swt\EBWebView\Default lastActive=2026-09-16T07:31:19.498Z
2026-09-16 07:35:33.657: [INFO] OnDoneLoading sync enabled: 0
2026-09-16 07:35:33.657: [INFO] BookmarkModelLoaded, ids_reassigned: 0
2026-09-16 07:35:33.657: [INFO] BookmarksLoadDropped droppedNodes=0
2026-09-16 07:35:33.657: [INFO] BookmarksSnapshot Startup total=0 bar=0 other=0 mobile=0 showBar=0 showBarNTP=1
2026-09-16 07:35:40.881: [INFO] BookmarksSnapshot Shutdown total=0 bar=0 other=0 mobile=0 showBar=0 showBarNTP=1
2026-09-16 07:39:03.728: [INFO] CurrentProfilePath: C:\Users\BEST-HP\OneDrive\SMR\2DAW\Desarrollo Entorno-servidor\1trimestrejava\.metadata\.plugins\org.eclipse.swt\EBWebView\Default
2026-09-16 07:39:03.728: [INFO] Profiles total count: 1
2026-09-16 07:39:03.728: [INFO] Profile: name=Perfil 1 path=C:\Users\BEST-HP\OneDrive\SMR\2DAW\Desarrollo Entorno-servidor\1trimestrejava\.metadata\.plugins\org.eclipse.swt\EBWebView\Default lastActive=2026-09-16T07:31:19.498Z
2026-09-16 07:39:03.728: [INFO] LastUsedProfileDir: C:\Users\BEST-HP\OneDrive\SMR\2DAW\Desarrollo Entorno-servidor\1trimestrejava\.metadata\.plugins\org.eclipse.swt\EBWebView\Default
2026-09-16 07:39:03.728: [INFO] MostRecentlyActiveProfile: name=Perfil 1 path=C:\Users\BEST-HP\OneDrive\SMR\2DAW\Desarrollo Entorno-servidor\1trimestrejava\.metadata\.plugins\org.eclipse.swt\EBWebView\Default lastActive=2026-09-16T07:31:19.498Z
2026-09-16 07:39:03.728: [INFO] OnDoneLoading sync enabled: 0
2026-09-16 07:39:03.728: [INFO] BookmarkModelLoaded, ids_reassigned: 0
2026-09-16 07:39:03.728: [INFO] BookmarksLoadDropped droppedNodes=0
2026-09-16 07:39:03.728: [INFO] BookmarksSnapshot Startup total=0 bar=0 other=0 mobile=0 showBar=0 showBarNTP=1
2026-09-16 07:41:44.083: [INFO] BookmarksSnapshot Shutdown total=0 bar=0 other=0 mobile=0 showBar=0 showBarNTP=1
2026-09-16 07:41:44.132: [INFO] CurrentProfilePath: C:\Users\BEST-HP\OneDrive\SMR\2DAW\Desarrollo Entorno-servidor\1trimestrejava\.metadata\.plugins\org.eclipse.swt\EBWebView\Default
2026-09-16 07:41:44.132: [INFO] Profiles total count: 1
2026-09-16 07:41:44.132: [INFO] Profile: name=Perfil 1 path=C:\Users\BEST-HP\OneDrive\SMR\2DAW\Desarrollo Entorno-servidor\1trimestrejava\.metadata\.plugins\org.eclipse.swt\EBWebView\Default lastActive=2026-09-16T07:31:19.498Z
2026-09-16 07:41:44.132: [INFO] LastUsedProfileDir: C:\Users\BEST-HP\OneDrive\SMR\2DAW\Desarrollo Entorno-servidor\1trimestrejava\.metadata\.plugins\org.eclipse.swt\EBWebView\Default
2026-09-16 07:41:44.132: [INFO] MostRecentlyActiveProfile: name=Perfil 1 path=C:\Users\BEST-HP\OneDrive\SMR\2DAW\Desarrollo Entorno-servidor\1trimestrejava\.metadata\.plugins\org.eclipse.swt\EBWebView\Default lastActive=2026-09-16T07:31:19.498Z
2026-09-16 07:41:44.132: [INFO] OnDoneLoading sync enabled: 0
2026-09-16 07:41:44.132: [INFO] BookmarkModelLoaded, ids_reassigned: 0
2026-09-16 07:41:44.132: [INFO] BookmarksLoadDropped droppedNodes=0
2026-09-16 07:41:44.132: [INFO] BookmarksSnapshot Startup total=0 bar=0 other=0 mobile=0 showBar=0 showBarNTP=1
2026-09-16 07:41:46.720: [INFO] BookmarksSnapshot Shutdown total=0 bar=0 other=0 mobile=0 showBar=0 showBarNTP=1
2026-09-16 07:43:48.430: [INFO] CurrentProfilePath: C:\Users\BEST-HP\OneDrive\SMR\2DAW\Desarrollo Entorno-servidor\1trimestrejava\.metadata\.plugins\org.eclipse.swt\EBWebView\Default
2026-09-16 07:43:48.430: [INFO] Profiles total count: 1
2026-09-16 07:43:48.430: [INFO] Profile: name=Perfil 1 path=C:\Users\BEST-HP\OneDrive\SMR\2DAW\Desarrollo Entorno-servidor\1trimestrejava\.metadata\.plugins\org.eclipse.swt\EBWebView\Default lastActive=2026-09-16T07:31:19.498Z
2026-09-16 07:43:48.430: [INFO] LastUsedProfileDir: C:\Users\BEST-HP\OneDrive\SMR\2DAW\Desarrollo Entorno-servidor\1trimestrejava\.metadata\.plugins\org.eclipse.swt\EBWebView\Default
2026-09-16 07:43:48.430: [INFO] MostRecentlyActiveProfile: name=Perfil 1 path=C:\Users\BEST-HP\OneDrive\SMR\2DAW\Desarrollo Entorno-servidor\1trimestrejava\.metadata\.plugins\org.eclipse.swt\EBWebView\Default lastActive=2026-09-16T07:31:19.498Z
2026-09-16 07:43:48.430: [INFO] OnDoneLoading sync enabled: 0
2026-09-16 07:43:48.430: [INFO] BookmarkModelLoaded, ids_reassigned: 0
2026-09-16 07:43:48.430: [INFO] BookmarksLoadDropped droppedNodes=0
2026-09-16 07:43:48.430: [INFO] BookmarksSnapshot Startup total=0 bar=0 other=0 mobile=0 showBar=0 showBarNTP=1
2026-09-16 07:44:08.895: [INFO] BookmarksSnapshot Shutdown total=0 bar=0 other=0 mobile=0 showBar=0 showBarNTP=1
2026-09-16 07:44:08.935: [INFO] CurrentProfilePath: C:\Users\BEST-HP\OneDrive\SMR\2DAW\Desarrollo Entorno-servidor\1trimestrejava\.metadata\.plugins\org.eclipse.swt\EBWebView\Default
2026-09-16 07:44:08.935: [INFO] Profiles total count: 1
2026-09-16 07:44:08.935: [INFO] Profile: name=Perfil 1 path=C:\Users\BEST-HP\OneDrive\SMR\2DAW\Desarrollo Entorno-servidor\1trimestrejava\.metadata\.plugins\org.eclipse.swt\EBWebView\Default lastActive=2026-09-16T07:31:19.498Z
2026-09-16 07:44:08.935: [INFO] LastUsedProfileDir: C:\Users\BEST-HP\OneDrive\SMR\2DAW\Desarrollo Entorno-servidor\1trimestrejava\.metadata\.plugins\org.eclipse.swt\EBWebView\Default
2026-09-16 07:44:08.935: [INFO] MostRecentlyActiveProfile: name=Perfil 1 path=C:\Users\BEST-HP\OneDrive\SMR\2DAW\Desarrollo Entorno-servidor\1trimestrejava\.metadata\.plugins\org.eclipse.swt\EBWebView\Default lastActive=2026-09-16T07:31:19.498Z
2026-09-16 07:44:08.935: [INFO] OnDoneLoading sync enabled: 0
2026-09-16 07:44:08.935: [INFO] BookmarkModelLoaded, ids_reassigned: 0
2026-09-16 07:44:08.935: [INFO] BookmarksLoadDropped droppedNodes=0
2026-09-16 07:44:08.935: [INFO] BookmarksSnapshot Startup total=0 bar=0 other=0 mobile=0 showBar=0 showBarNTP=1
2026-09-16 07:45:41.666: [INFO] BookmarksSnapshot Shutdown total=0 bar=0 other=0 mobile=0 showBar=0 showBarNTP=1
2026-09-16 07:46:51.236: [INFO] CurrentProfilePath: C:\Users\BEST-HP\OneDrive\SMR\2DAW\Desarrollo Entorno-servidor\1trimestrejava\.metadata\.plugins\org.eclipse.swt\EBWebView\Default
2026-09-16 07:46:51.236: [INFO] Profiles total count: 1
2026-09-16 07:46:51.236: [INFO] Profile: name=Perfil 1 path=C:\Users\BEST-HP\OneDrive\SMR\2DAW\Desarrollo Entorno-servidor\1trimestrejava\.metadata\.plugins\org.eclipse.swt\EBWebView\Default lastActive=2026-09-16T07:31:19.498Z
2026-09-16 07:46:51.236: [INFO] LastUsedProfileDir: C:\Users\BEST-HP\OneDrive\SMR\2DAW\Desarrollo Entorno-servidor\1trimestrejava\.metadata\.plugins\org.eclipse.swt\EBWebView\Default
2026-09-16 07:46:51.236: [INFO] MostRecentlyActiveProfile: name=Perfil 1 path=C:\Users\BEST-HP\OneDrive\SMR\2DAW\Desarrollo Entorno-servidor\1trimestrejava\.metadata\.plugins\org.eclipse.swt\EBWebView\Default lastActive=2026-09-16T07:31:19.498Z
2026-09-16 07:46:51.236: [INFO] OnDoneLoading sync enabled: 0
2026-09-16 07:46:51.236: [INFO] BookmarkModelLoaded, ids_reassigned: 0
2026-09-16 07:46:51.236: [INFO] BookmarksLoadDropped droppedNodes=0
2026-09-16 07:46:51.236: [INFO] BookmarksSnapshot Startup total=0 bar=0 other=0 mobile=0 showBar=0 showBarNTP=1
2026-09-16 07:46:59.454: [INFO] BookmarksSnapshot Shutdown total=0 bar=0 other=0 mobile=0 showBar=0 showBarNTP=1
2026-09-16 07:47:09.931: [INFO] CurrentProfilePath: C:\Users\BEST-HP\OneDrive\SMR\2DAW\Desarrollo Entorno-servidor\1trimestrejava\.metadata\.plugins\org.eclipse.swt\EBWebView\Default
2026-09-16 07:47:09.931: [INFO] Profiles total count: 1
2026-09-16 07:47:09.931: [INFO] Profile: name=Perfil 1 path=C:\Users\BEST-HP\OneDrive\SMR\2DAW\Desarrollo Entorno-servidor\1trimestrejava\.metadata\.plugins\org.eclipse.swt\EBWebView\Default lastActive=2026-09-16T07:31:19.498Z
2026-09-16 07:47:09.931: [INFO] LastUsedProfileDir: C:\Users\BEST-HP\OneDrive\SMR\2DAW\Desarrollo Entorno-servidor\1trimestrejava\.metadata\.plugins\org.eclipse.swt\EBWebView\Default
2026-09-16 07:47:09.931: [INFO] MostRecentlyActiveProfile: name=Perfil 1 path=C:\Users\BEST-HP\OneDrive\SMR\2DAW\Desarrollo Entorno-servidor\1trimestrejava\.metadata\.plugins\org.eclipse.swt\EBWebView\Default lastActive=2026-09-16T07:31:19.498Z
2026-09-16 07:47:09.931: [INFO] OnDoneLoading sync enabled: 0
2026-09-16 07:47:09.931: [INFO] BookmarkModelLoaded, ids_reassigned: 0
2026-09-16 07:47:09.932: [INFO] BookmarksLoadDropped droppedNodes=0
2026-09-16 07:47:09.932: [INFO] BookmarksSnapshot Startup total=0 bar=0 other=0 mobile=0 showBar=0 showBarNTP=1
2026-09-16 07:58:22.052: [INFO] BookmarksSnapshot Shutdown total=0 bar=0 other=0 mobile=0 showBar=0 showBarNTP=1
2026-09-16 08:01:43.536: [INFO] CurrentProfilePath: C:\Users\BEST-HP\OneDrive\SMR\2DAW\Desarrollo Entorno-servidor\1trimestrejava\.metadata\.plugins\org.eclipse.swt\EBWebView\Default
2026-09-16 08:01:43.536: [INFO] Profiles total count: 1
2026-09-16 08:01:43.536: [INFO] Profile: name=Perfil 1 path=C:\Users\BEST-HP\OneDrive\SMR\2DAW\Desarrollo Entorno-servidor\1trimestrejava\.metadata\.plugins\org.eclipse.swt\EBWebView\Default lastActive=2026-09-16T07:31:19.498Z
2026-09-16 08:01:43.536: [INFO] LastUsedProfileDir: C:\Users\BEST-HP\OneDrive\SMR\2DAW\Desarrollo Entorno-servidor\1trimestrejava\.metadata\.plugins\org.eclipse.swt\EBWebView\Default
2026-09-16 08:01:43.536: [INFO] MostRecentlyActiveProfile: name=Perfil 1 path=C:\Users\BEST-HP\OneDrive\SMR\2DAW\Desarrollo Entorno-servidor\1trimestrejava\.metadata\.plugins\org.eclipse.swt\EBWebView\Default lastActive=2026-09-16T07:31:19.498Z
2026-09-16 08:01:43.536: [INFO] OnDoneLoading sync enabled: 0
2026-09-16 08:01:43.536: [INFO] BookmarkModelLoaded, ids_reassigned: 0
2026-09-16 08:01:43.536: [INFO] BookmarksLoadDropped droppedNodes=0
2026-09-16 08:01:43.536: [INFO] BookmarksSnapshot Startup total=0 bar=0 other=0 mobile=0 showBar=0 showBarNTP=1
2026-09-16 08:02:51.530: [INFO] BookmarksSnapshot Shutdown total=0 bar=0 other=0 mobile=0 showBar=0 showBarNTP=1
2026-09-16 08:02:53.580: [INFO] CurrentProfilePath: C:\Users\BEST-HP\OneDrive\SMR\2DAW\Desarrollo Entorno-servidor\1trimestrejava\.metadata\.plugins\org.eclipse.swt\EBWebView\Default
2026-09-16 08:02:53.580: [INFO] Profiles total count: 1
2026-09-16 08:02:53.580: [INFO] Profile: name=Perfil 1 path=C:\Users\BEST-HP\OneDrive\SMR\2DAW\Desarrollo Entorno-servidor\1trimestrejava\.metadata\.plugins\org.eclipse.swt\EBWebView\Default lastActive=2026-09-16T07:31:19.498Z
2026-09-16 08:02:53.580: [INFO] LastUsedProfileDir: C:\Users\BEST-HP\OneDrive\SMR\2DAW\Desarrollo Entorno-servidor\1trimestrejava\.metadata\.plugins\org.eclipse.swt\EBWebView\Default
2026-09-16 08:02:53.580: [INFO] MostRecentlyActiveProfile: name=Perfil 1 path=C:\Users\BEST-HP\OneDrive\SMR\2DAW\Desarrollo Entorno-servidor\1trimestrejava\.metadata\.plugins\org.eclipse.swt\EBWebView\Default lastActive=2026-09-16T07:31:19.498Z
2026-09-16 08:02:53.580: [INFO] OnDoneLoading sync enabled: 0
2026-09-16 08:02:53.580: [INFO] BookmarkModelLoaded, ids_reassigned: 0
2026-09-16 08:02:53.580: [INFO] BookmarksLoadDropped droppedNodes=0
2026-09-16 08:02:53.580: [INFO] BookmarksSnapshot Startup total=0 bar=0 other=0 mobile=0 showBar=0 showBarNTP=1
2026-09-16 08:06:38.562: [INFO] BookmarksSnapshot Shutdown total=0 bar=0 other=0 mobile=0 showBar=0 showBarNTP=1
2026-09-16 08:07:12.285: [INFO] CurrentProfilePath: C:\Users\BEST-HP\OneDrive\SMR\2DAW\Desarrollo Entorno-servidor\1trimestrejava\.metadata\.plugins\org.eclipse.swt\EBWebView\Default
2026-09-16 08:07:12.285: [INFO] Profiles total count: 1
2026-09-16 08:07:12.285: [INFO] Profile: name=Perfil 1 path=C:\Users\BEST-HP\OneDrive\SMR\2DAW\Desarrollo Entorno-servidor\1trimestrejava\.metadata\.plugins\org.eclipse.swt\EBWebView\Default lastActive=2026-09-16T07:31:19.498Z
2026-09-16 08:07:12.285: [INFO] LastUsedProfileDir: C:\Users\BEST-HP\OneDrive\SMR\2DAW\Desarrollo Entorno-servidor\1trimestrejava\.metadata\.plugins\org.eclipse.swt\EBWebView\Default
2026-09-16 08:07:12.285: [INFO] MostRecentlyActiveProfile: name=Perfil 1 path=C:\Users\BEST-HP\OneDrive\SMR\2DAW\Desarrollo Entorno-servidor\1trimestrejava\.metadata\.plugins\org.eclipse.swt\EBWebView\Default lastActive=2026-09-16T07:31:19.498Z
2026-09-16 08:07:12.285: [INFO] OnDoneLoading sync enabled: 0
2026-09-16 08:07:12.285: [INFO] BookmarkModelLoaded, ids_reassigned: 0
2026-09-16 08:07:12.285: [INFO] BookmarksLoadDropped droppedNodes=0
2026-09-16 08:07:12.285: [INFO] BookmarksSnapshot Startup total=0 bar=0 other=0 mobile=0 showBar=0 showBarNTP=1
2026-09-16 08:07:53.965: [INFO] BookmarksSnapshot Shutdown total=0 bar=0 other=0 mobile=0 showBar=0 showBarNTP=1
2026-09-16 08:08:20.818: [INFO] CurrentProfilePath: C:\Users\BEST-HP\OneDrive\SMR\2DAW\Desarrollo Entorno-servidor\1trimestrejava\.metadata\.plugins\org.eclipse.swt\EBWebView\Default
2026-09-16 08:08:20.818: [INFO] Profiles total count: 1
2026-09-16 08:08:20.818: [INFO] Profile: name=Perfil 1 path=C:\Users\BEST-HP\OneDrive\SMR\2DAW\Desarrollo Entorno-servidor\1trimestrejava\.metadata\.plugins\org.eclipse.swt\EBWebView\Default lastActive=2026-09-16T07:31:19.498Z
2026-09-16 08:08:20.818: [INFO] LastUsedProfileDir: C:\Users\BEST-HP\OneDrive\SMR\2DAW\Desarrollo Entorno-servidor\1trimestrejava\.metadata\.plugins\org.eclipse.swt\EBWebView\Default
2026-09-16 08:08:20.818: [INFO] MostRecentlyActiveProfile: name=Perfil 1 path=C:\Users\BEST-HP\OneDrive\SMR\2DAW\Desarrollo Entorno-servidor\1trimestrejava\.metadata\.plugins\org.eclipse.swt\EBWebView\Default lastActive=2026-09-16T07:31:19.498Z
2026-09-16 08:08:20.818: [INFO] OnDoneLoading sync enabled: 0
2026-09-16 08:08:20.818: [INFO] BookmarkModelLoaded, ids_reassigned: 0
2026-09-16 08:08:20.818: [INFO] BookmarksLoadDropped droppedNodes=0
2026-09-16 08:08:20.818: [INFO] BookmarksSnapshot Startup total=0 bar=0 other=0 mobile=0 showBar=0 showBarNTP=1
2026-09-16 08:08:28.284: [INFO] BookmarksSnapshot Shutdown total=0 bar=0 other=0 mobile=0 showBar=0 showBarNTP=1
2026-09-16 08:24:31.084: [INFO] CurrentProfilePath: C:\Users\BEST-HP\OneDrive\SMR\2DAW\Desarrollo Entorno-servidor\1trimestrejava\.metadata\.plugins\org.eclipse.swt\EBWebView\Default
2026-09-16 08:24:31.084: [INFO] Profiles total count: 1
2026-09-16 08:24:31.085: [INFO] Profile: name=Perfil 1 path=C:\Users\BEST-HP\OneDrive\SMR\2DAW\Desarrollo Entorno-servidor\1trimestrejava\.metadata\.plugins\org.eclipse.swt\EBWebView\Default lastActive=2026-09-16T08:08:28.036Z
2026-09-16 08:24:31.085: [INFO] LastUsedProfileDir: C:\Users\BEST-HP\OneDrive\SMR\2DAW\Desarrollo Entorno-servidor\1trimestrejava\.metadata\.plugins\org.eclipse.swt\EBWebView\Default
2026-09-16 08:24:31.085: [INFO] MostRecentlyActiveProfile: name=Perfil 1 path=C:\Users\BEST-HP\OneDrive\SMR\2DAW\Desarrollo Entorno-servidor\1trimestrejava\.metadata\.plugins\org.eclipse.swt\EBWebView\Default lastActive=2026-09-16T08:08:28.036Z
2026-09-16 08:24:31.085: [INFO] OnDoneLoading sync enabled: 0
2026-09-16 08:24:31.085: [INFO] BookmarkModelLoaded, ids_reassigned: 0
2026-09-16 08:24:31.085: [INFO] BookmarksLoadDropped droppedNodes=0
2026-09-16 08:24:31.085: [INFO] BookmarksSnapshot Startup total=0 bar=0 other=0 mobile=0 showBar=0 showBarNTP=1
2026-09-16 08:30:29.153: [INFO] BookmarksSnapshot Shutdown total=0 bar=0 other=0 mobile=0 showBar=0 showBarNTP=1
2026-09-16 09:50:49.510: [INFO] CurrentProfilePath: C:\Users\BEST-HP\OneDrive\SMR\2DAW\Desarrollo Entorno-servidor\1trimestrejava\.metadata\.plugins\org.eclipse.swt\EBWebView\Default
2026-09-16 09:50:49.510: [INFO] Profiles total count: 1
2026-09-16 09:50:49.510: [INFO] Profile: name=Perfil 1 path=C:\Users\BEST-HP\OneDrive\SMR\2DAW\Desarrollo Entorno-servidor\1trimestrejava\.metadata\.plugins\org.eclipse.swt\EBWebView\Default lastActive=2026-09-16T08:08:28.036Z
2026-09-16 09:50:49.510: [INFO] LastUsedProfileDir: C:\Users\BEST-HP\OneDrive\SMR\2DAW\Desarrollo Entorno-servidor\1trimestrejava\.metadata\.plugins\org.eclipse.swt\EBWebView\Default
2026-09-16 09:50:49.510: [INFO] MostRecentlyActiveProfile: name=Perfil 1 path=C:\Users\BEST-HP\OneDrive\SMR\2DAW\Desarrollo Entorno-servidor\1trimestrejava\.metadata\.plugins\org.eclipse.swt\EBWebView\Default lastActive=2026-09-16T08:08:28.036Z
2026-09-16 09:50:49.510: [INFO] OnDoneLoading sync enabled: 0
2026-09-16 09:50:49.510: [INFO] BookmarkModelLoaded, ids_reassigned: 0
2026-09-16 09:50:49.510: [INFO] BookmarksLoadDropped droppedNodes=0
2026-09-16 09:50:49.510: [INFO] BookmarksSnapshot Startup total=0 bar=0 other=0 mobile=0 showBar=0 showBarNTP=1
2026-09-16 09:51:21.921: [INFO] BookmarksSnapshot Shutdown total=0 bar=0 other=0 mobile=0 showBar=0 showBarNTP=1
2026-09-16 09:51:40.404: [INFO] CurrentProfilePath: C:\Users\BEST-HP\OneDrive\SMR\2DAW\Desarrollo Entorno-servidor\1trimestrejava\.metadata\.plugins\org.eclipse.swt\EBWebView\Default
2026-09-16 09:51:40.404: [INFO] Profiles total count: 1
2026-09-16 09:51:40.404: [INFO] Profile: name=Perfil 1 path=C:\Users\BEST-HP\OneDrive\SMR\2DAW\Desarrollo Entorno-servidor\1trimestrejava\.metadata\.plugins\org.eclipse.swt\EBWebView\Default lastActive=2026-09-16T09:51:21.746Z
2026-09-16 09:51:40.404: [INFO] LastUsedProfileDir: C:\Users\BEST-HP\OneDrive\SMR\2DAW\Desarrollo Entorno-servidor\1trimestrejava\.metadata\.plugins\org.eclipse.swt\EBWebView\Default
2026-09-16 09:51:40.404: [INFO] MostRecentlyActiveProfile: name=Perfil 1 path=C:\Users\BEST-HP\OneDrive\SMR\2DAW\Desarrollo Entorno-servidor\1trimestrejava\.metadata\.plugins\org.eclipse.swt\EBWebView\Default lastActive=2026-09-16T09:51:21.746Z
2026-09-16 09:51:40.404: [INFO] OnDoneLoading sync enabled: 0
2026-09-16 09:51:40.404: [INFO] BookmarkModelLoaded, ids_reassigned: 0
2026-09-16 09:51:40.404: [INFO] BookmarksLoadDropped droppedNodes=0
2026-09-16 09:51:40.404: [INFO] BookmarksSnapshot Startup total=0 bar=0 other=0 mobile=0 showBar=0 showBarNTP=1
2026-09-16 09:51:53.195: [INFO] BookmarksSnapshot Shutdown total=0 bar=0 other=0 mobile=0 showBar=0 showBarNTP=1
2026-09-16 10:00:32.544: [INFO] CurrentProfilePath: C:\Users\BEST-HP\OneDrive\SMR\2DAW\Desarrollo Entorno-servidor\1trimestrejava\.metadata\.plugins\org.eclipse.swt\EBWebView\Default
2026-09-16 10:00:32.544: [INFO] Profiles total count: 1
2026-09-16 10:00:32.544: [INFO] Profile: name=Perfil 1 path=C:\Users\BEST-HP\OneDrive\SMR\2DAW\Desarrollo Entorno-servidor\1trimestrejava\.metadata\.plugins\org.eclipse.swt\EBWebView\Default lastActive=2026-09-16T09:51:21.746Z
2026-09-16 10:00:32.544: [INFO] LastUsedProfileDir: C:\Users\BEST-HP\OneDrive\SMR\2DAW\Desarrollo Entorno-servidor\1trimestrejava\.metadata\.plugins\org.eclipse.swt\EBWebView\Default
2026-09-16 10:00:32.544: [INFO] MostRecentlyActiveProfile: name=Perfil 1 path=C:\Users\BEST-HP\OneDrive\SMR\2DAW\Desarrollo Entorno-servidor\1trimestrejava\.metadata\.plugins\org.eclipse.swt\EBWebView\Default lastActive=2026-09-16T09:51:21.746Z
2026-09-16 10:00:32.544: [INFO] OnDoneLoading sync enabled: 0
2026-09-16 10:00:32.544: [INFO] BookmarkModelLoaded, ids_reassigned: 0
2026-09-16 10:00:32.544: [INFO] BookmarksLoadDropped droppedNodes=0
2026-09-16 10:00:32.544: [INFO] BookmarksSnapshot Startup total=0 bar=0 other=0 mobile=0 showBar=0 showBarNTP=1
2026-09-16 10:05:42.100: [INFO] BookmarksSnapshot Shutdown total=0 bar=0 other=0 mobile=0 showBar=0 showBarNTP=1
2026-09-16 10:10:33.703: [INFO] CurrentProfilePath: C:\Users\BEST-HP\OneDrive\SMR\2DAW\Desarrollo Entorno-servidor\1trimestrejava\.metadata\.plugins\org.eclipse.swt\EBWebView\Default
2026-09-16 10:10:33.703: [INFO] Profiles total count: 1
2026-09-16 10:10:33.703: [INFO] Profile: name=Perfil 1 path=C:\Users\BEST-HP\OneDrive\SMR\2DAW\Desarrollo Entorno-servidor\1trimestrejava\.metadata\.plugins\org.eclipse.swt\EBWebView\Default lastActive=2026-09-16T09:51:21.746Z
2026-09-16 10:10:33.703: [INFO] LastUsedProfileDir: C:\Users\BEST-HP\OneDrive\SMR\2DAW\Desarrollo Entorno-servidor\1trimestrejava\.metadata\.plugins\org.eclipse.swt\EBWebView\Default
2026-09-16 10:10:33.703: [INFO] MostRecentlyActiveProfile: name=Perfil 1 path=C:\Users\BEST-HP\OneDrive\SMR\2DAW\Desarrollo Entorno-servidor\1trimestrejava\.metadata\.plugins\org.eclipse.swt\EBWebView\Default lastActive=2026-09-16T09:51:21.746Z
2026-09-16 10:10:33.703: [INFO] OnDoneLoading sync enabled: 0
2026-09-16 10:10:33.703: [INFO] BookmarkModelLoaded, ids_reassigned: 0
2026-09-16 10:10:33.704: [INFO] BookmarksLoadDropped droppedNodes=0
2026-09-16 10:10:33.704: [INFO] BookmarksSnapshot Startup total=0 bar=0 other=0 mobile=0 showBar=0 showBarNTP=1
2026-09-16 10:12:15.955: [INFO] BookmarksSnapshot Shutdown total=0 bar=0 other=0 mobile=0 showBar=0 showBarNTP=1
2026-09-16 10:15:11.106: [INFO] CurrentProfilePath: C:\Users\BEST-HP\OneDrive\SMR\2DAW\Desarrollo Entorno-servidor\1trimestrejava\.metadata\.plugins\org.eclipse.swt\EBWebView\Default
2026-09-16 10:15:11.106: [INFO] Profiles total count: 1
2026-09-16 10:15:11.106: [INFO] Profile: name=Perfil 1 path=C:\Users\BEST-HP\OneDrive\SMR\2DAW\Desarrollo Entorno-servidor\1trimestrejava\.metadata\.plugins\org.eclipse.swt\EBWebView\Default lastActive=2026-09-16T09:51:21.746Z
2026-09-16 10:15:11.106: [INFO] LastUsedProfileDir: C:\Users\BEST-HP\OneDrive\SMR\2DAW\Desarrollo Entorno-servidor\1trimestrejava\.metadata\.plugins\org.eclipse.swt\EBWebView\Default
2026-09-16 10:15:11.106: [INFO] MostRecentlyActiveProfile: name=Perfil 1 path=C:\Users\BEST-HP\OneDrive\SMR\2DAW\Desarrollo Entorno-servidor\1trimestrejava\.metadata\.plugins\org.eclipse.swt\EBWebView\Default lastActive=2026-09-16T09:51:21.746Z
2026-09-16 10:15:11.106: [INFO] OnDoneLoading sync enabled: 0
2026-09-16 10:15:11.106: [INFO] BookmarkModelLoaded, ids_reassigned: 0
2026-09-16 10:15:11.106: [INFO] BookmarksLoadDropped droppedNodes=0
2026-09-16 10:15:11.106: [INFO] BookmarksSnapshot Startup total=0 bar=0 other=0 mobile=0 showBar=0 showBarNTP=1
2026-09-16 10:15:18.451: [INFO] BookmarksSnapshot Shutdown total=0 bar=0 other=0 mobile=0 showBar=0 showBarNTP=1
2026-09-16 10:15:48.298: [INFO] CurrentProfilePath: C:\Users\BEST-HP\OneDrive\SMR\2DAW\Desarrollo Entorno-servidor\1trimestrejava\.metadata\.plugins\org.eclipse.swt\EBWebView\Default
2026-09-16 10:15:48.298: [INFO] Profiles total count: 1
2026-09-16 10:15:48.299: [INFO] Profile: name=Perfil 1 path=C:\Users\BEST-HP\OneDrive\SMR\2DAW\Desarrollo Entorno-servidor\1trimestrejava\.metadata\.plugins\org.eclipse.swt\EBWebView\Default lastActive=2026-09-16T09:51:21.746Z
2026-09-16 10:15:48.299: [INFO] LastUsedProfileDir: C:\Users\BEST-HP\OneDrive\SMR\2DAW\Desarrollo Entorno-servidor\1trimestrejava\.metadata\.plugins\org.eclipse.swt\EBWebView\Default
2026-09-16 10:15:48.299: [INFO] MostRecentlyActiveProfile: name=Perfil 1 path=C:\Users\BEST-HP\OneDrive\SMR\2DAW\Desarrollo Entorno-servidor\1trimestrejava\.metadata\.plugins\org.eclipse.swt\EBWebView\Default lastActive=2026-09-16T09:51:21.746Z
2026-09-16 10:15:48.299: [INFO] OnDoneLoading sync enabled: 0
2026-09-16 10:15:48.299: [INFO] BookmarkModelLoaded, ids_reassigned: 0
2026-09-16 10:15:48.299: [INFO] BookmarksLoadDropped droppedNodes=0
2026-09-16 10:15:48.299: [INFO] BookmarksSnapshot Startup total=0 bar=0 other=0 mobile=0 showBar=0 showBarNTP=1
2026-09-16 16:51:17.516: [INFO] BookmarksSnapshot Shutdown total=0 bar=0 other=0 mobile=0 showBar=0 showBarNTP=1
2026-09-16 16:53:18.105: [INFO] CurrentProfilePath: C:\Users\BEST-HP\OneDrive\SMR\2DAW\Desarrollo Entorno-servidor\1trimestrejava\.metadata\.plugins\org.eclipse.swt\EBWebView\Default
2026-09-16 16:53:18.105: [INFO] Profiles total count: 1
2026-09-16 16:53:18.105: [INFO] Profile: name=Perfil 1 path=C:\Users\BEST-HP\OneDrive\SMR\2DAW\Desarrollo Entorno-servidor\1trimestrejava\.metadata\.plugins\org.eclipse.swt\EBWebView\Default lastActive=2026-09-16T09:51:21.746Z
2026-09-16 16:53:18.105: [INFO] LastUsedProfileDir: C:\Users\BEST-HP\OneDrive\SMR\2DAW\Desarrollo Entorno-servidor\1trimestrejava\.metadata\.plugins\org.eclipse.swt\EBWebView\Default
2026-09-16 16:53:18.105: [INFO] MostRecentlyActiveProfile: name=Perfil 1 path=C:\Users\BEST-HP\OneDrive\SMR\2DAW\Desarrollo Entorno-servidor\1trimestrejava\.metadata\.plugins\org.eclipse.swt\EBWebView\Default lastActive=2026-09-16T09:51:21.746Z
2026-09-16 16:53:18.105: [INFO] OnDoneLoading sync enabled: 0
2026-09-16 16:53:18.105: [INFO] BookmarkModelLoaded, ids_reassigned: 0
2026-09-16 16:53:18.105: [INFO] BookmarksLoadDropped droppedNodes=0
2026-09-16 16:53:18.105: [INFO] BookmarksSnapshot Startup total=0 bar=0 other=0 mobile=0 showBar=0 showBarNTP=1
2026-09-16 17:11:00.625: [INFO] BookmarksSnapshot Shutdown total=0 bar=0 other=0 mobile=0 showBar=0 showBarNTP=1
2026-09-16 17:11:43.490: [INFO] CurrentProfilePath: C:\Users\BEST-HP\OneDrive\SMR\2DAW\Desarrollo Entorno-servidor\1trimestrejava\.metadata\.plugins\org.eclipse.swt\EBWebView\Default
2026-09-16 17:11:43.490: [INFO] Profiles total count: 1
2026-09-16 17:11:43.490: [INFO] Profile: name=Perfil 1 path=C:\Users\BEST-HP\OneDrive\SMR\2DAW\Desarrollo Entorno-servidor\1trimestrejava\.metadata\.plugins\org.eclipse.swt\EBWebView\Default lastActive=2026-09-16T17:10:59.615Z
2026-09-16 17:11:43.490: [INFO] LastUsedProfileDir: C:\Users\BEST-HP\OneDrive\SMR\2DAW\Desarrollo Entorno-servidor\1trimestrejava\.metadata\.plugins\org.eclipse.swt\EBWebView\Default
2026-09-16 17:11:43.490: [INFO] MostRecentlyActiveProfile: name=Perfil 1 path=C:\Users\BEST-HP\OneDrive\SMR\2DAW\Desarrollo Entorno-servidor\1trimestrejava\.metadata\.plugins\org.eclipse.swt\EBWebView\Default lastActive=2026-09-16T17:10:59.615Z
2026-09-16 17:11:43.490: [INFO] OnDoneLoading sync enabled: 0
2026-09-16 17:11:43.490: [INFO] BookmarkModelLoaded, ids_reassigned: 0
2026-09-16 17:11:43.490: [INFO] BookmarksLoadDropped droppedNodes=0
2026-09-16 17:11:43.490: [INFO] BookmarksSnapshot Startup total=0 bar=0 other=0 mobile=0 showBar=0 showBarNTP=1
2026-09-16 17:11:51.246: [INFO] BookmarksSnapshot Shutdown total=0 bar=0 other=0 mobile=0 showBar=0 showBarNTP=1
2026-09-16 17:12:13.532: [INFO] CurrentProfilePath: C:\Users\BEST-HP\OneDrive\SMR\2DAW\Desarrollo Entorno-servidor\1trimestrejava\.metadata\.plugins\org.eclipse.swt\EBWebView\Default
2026-09-16 17:12:13.532: [INFO] Profiles total count: 1
2026-09-16 17:12:13.532: [INFO] Profile: name=Perfil 1 path=C:\Users\BEST-HP\OneDrive\SMR\2DAW\Desarrollo Entorno-servidor\1trimestrejava\.metadata\.plugins\org.eclipse.swt\EBWebView\Default lastActive=2026-09-16T17:11:51.000Z
2026-09-16 17:12:13.532: [INFO] LastUsedProfileDir: C:\Users\BEST-HP\OneDrive\SMR\2DAW\Desarrollo Entorno-servidor\1trimestrejava\.metadata\.plugins\org.eclipse.swt\EBWebView\Default
2026-09-16 17:12:13.532: [INFO] MostRecentlyActiveProfile: name=Perfil 1 path=C:\Users\BEST-HP\OneDrive\SMR\2DAW\Desarrollo Entorno-servidor\1trimestrejava\.metadata\.plugins\org.eclipse.swt\EBWebView\Default lastActive=2026-09-16T17:11:51.000Z
2026-09-16 17:12:13.532: [INFO] OnDoneLoading sync enabled: 0
2026-09-16 17:12:13.532: [INFO] BookmarkModelLoaded, ids_reassigned: 0
2026-09-16 17:12:13.532: [INFO] BookmarksLoadDropped droppedNodes=0
2026-09-16 17:12:13.532: [INFO] BookmarksSnapshot Startup total=0 bar=0 other=0 mobile=0 showBar=0 showBarNTP=1
2026-09-16 17:12:27.977: [INFO] BookmarksSnapshot Shutdown total=0 bar=0 other=0 mobile=0 showBar=0 showBarNTP=1
2026-09-16 17:12:46.649: [INFO] CurrentProfilePath: C:\Users\BEST-HP\OneDrive\SMR\2DAW\Desarrollo Entorno-servidor\1trimestrejava\.metadata\.plugins\org.eclipse.swt\EBWebView\Default
2026-09-16 17:12:46.649: [INFO] Profiles total count: 1
2026-09-16 17:12:46.649: [INFO] Profile: name=Perfil 1 path=C:\Users\BEST-HP\OneDrive\SMR\2DAW\Desarrollo Entorno-servidor\1trimestrejava\.metadata\.plugins\org.eclipse.swt\EBWebView\Default lastActive=2026-09-16T17:12:27.779Z
2026-09-16 17:12:46.649: [INFO] LastUsedProfileDir: C:\Users\BEST-HP\OneDrive\SMR\2DAW\Desarrollo Entorno-servidor\1trimestrejava\.metadata\.plugins\org.eclipse.swt\EBWebView\Default
2026-09-16 17:12:46.649: [INFO] MostRecentlyActiveProfile: name=Perfil 1 path=C:\Users\BEST-HP\OneDrive\SMR\2DAW\Desarrollo Entorno-servidor\1trimestrejava\.metadata\.plugins\org.eclipse.swt\EBWebView\Default lastActive=2026-09-16T17:12:27.779Z
2026-09-16 17:12:46.649: [INFO] OnDoneLoading sync enabled: 0
2026-09-16 17:12:46.649: [INFO] BookmarkModelLoaded, ids_reassigned: 0
2026-09-16 17:12:46.649: [INFO] BookmarksLoadDropped droppedNodes=0
2026-09-16 17:12:46.649: [INFO] BookmarksSnapshot Startup total=0 bar=0 other=0 mobile=0 showBar=0 showBarNTP=1
2026-09-16 17:19:55.653: [INFO] CurrentProfilePath: C:\Users\BEST-HP\OneDrive\SMR\2DAW\Desarrollo Entorno-servidor\1trimestrejava\.metadata\.plugins\org.eclipse.swt\EBWebView\Default
2026-09-16 17:19:55.653: [INFO] Profiles total count: 1
2026-09-16 17:19:55.654: [INFO] Profile: name=Perfil 1 path=C:\Users\BEST-HP\OneDrive\SMR\2DAW\Desarrollo Entorno-servidor\1trimestrejava\.metadata\.plugins\org.eclipse.swt\EBWebView\Default lastActive=2026-09-16T17:12:55.807Z
2026-09-16 17:19:55.654: [INFO] LastUsedProfileDir: C:\Users\BEST-HP\OneDrive\SMR\2DAW\Desarrollo Entorno-servidor\1trimestrejava\.metadata\.plugins\org.eclipse.swt\EBWebView\Default
2026-09-16 17:19:55.654: [INFO] MostRecentlyActiveProfile: name=Perfil 1 path=C:\Users\BEST-HP\OneDrive\SMR\2DAW\Desarrollo Entorno-servidor\1trimestrejava\.metadata\.plugins\org.eclipse.swt\EBWebView\Default lastActive=2026-09-16T17:12:55.807Z
2026-09-16 17:19:55.654: [INFO] OnDoneLoading sync enabled: 0
2026-09-16 17:19:55.654: [INFO] BookmarkModelLoaded, ids_reassigned: 0
2026-09-16 17:19:55.654: [INFO] BookmarksLoadDropped droppedNodes=0
2026-09-16 17:19:55.654: [INFO] BookmarksSnapshot Startup total=0 bar=0 other=0 mobile=0 showBar=0 showBarNTP=1
2026-09-16 17:21:21.918: [INFO] BookmarksSnapshot Shutdown total=0 bar=0 other=0 mobile=0 showBar=0 showBarNTP=1
2026-09-16 17:21:48.489: [INFO] CurrentProfilePath: C:\Users\BEST-HP\OneDrive\SMR\2DAW\Desarrollo Entorno-servidor\1trimestrejava\.metadata\.plugins\org.eclipse.swt\EBWebView\Default
2026-09-16 17:21:48.489: [INFO] Profiles total count: 1
2026-09-16 17:21:48.489: [INFO] Profile: name=Perfil 1 path=C:\Users\BEST-HP\OneDrive\SMR\2DAW\Desarrollo Entorno-servidor\1trimestrejava\.metadata\.plugins\org.eclipse.swt\EBWebView\Default lastActive=2026-09-16T17:21:21.732Z
2026-09-16 17:21:48.489: [INFO] LastUsedProfileDir: C:\Users\BEST-HP\OneDrive\SMR\2DAW\Desarrollo Entorno-servidor\1trimestrejava\.metadata\.plugins\org.eclipse.swt\EBWebView\Default
2026-09-16 17:21:48.489: [INFO] MostRecentlyActiveProfile: name=Perfil 1 path=C:\Users\BEST-HP\OneDrive\SMR\2DAW\Desarrollo Entorno-servidor\1trimestrejava\.metadata\.plugins\org.eclipse.swt\EBWebView\Default lastActive=2026-09-16T17:21:21.732Z
2026-09-16 17:21:48.489: [INFO] OnDoneLoading sync enabled: 0
2026-09-16 17:21:48.489: [INFO] BookmarkModelLoaded, ids_reassigned: 0
2026-09-16 17:21:48.489: [INFO] BookmarksLoadDropped droppedNodes=0
2026-09-16 17:21:48.489: [INFO] BookmarksSnapshot Startup total=0 bar=0 other=0 mobile=0 showBar=0 showBarNTP=1
2026-09-16 17:21:51.950: [INFO] BookmarksSnapshot Shutdown total=0 bar=0 other=0 mobile=0 showBar=0 showBarNTP=1
2026-09-16 17:22:12.033: [INFO] CurrentProfilePath: C:\Users\BEST-HP\OneDrive\SMR\2DAW\Desarrollo Entorno-servidor\1trimestrejava\.metadata\.plugins\org.eclipse.swt\EBWebView\Default
2026-09-16 17:22:12.033: [INFO] Profiles total count: 1
2026-09-16 17:22:12.034: [INFO] Profile: name=Perfil 1 path=C:\Users\BEST-HP\OneDrive\SMR\2DAW\Desarrollo Entorno-servidor\1trimestrejava\.metadata\.plugins\org.eclipse.swt\EBWebView\Default lastActive=2026-09-16T17:21:51.764Z
2026-09-16 17:22:12.034: [INFO] LastUsedProfileDir: C:\Users\BEST-HP\OneDrive\SMR\2DAW\Desarrollo Entorno-servidor\1trimestrejava\.metadata\.plugins\org.eclipse.swt\EBWebView\Default
2026-09-16 17:22:12.034: [INFO] MostRecentlyActiveProfile: name=Perfil 1 path=C:\Users\BEST-HP\OneDrive\SMR\2DAW\Desarrollo Entorno-servidor\1trimestrejava\.metadata\.plugins\org.eclipse.swt\EBWebView\Default lastActive=2026-09-16T17:21:51.764Z
2026-09-16 17:22:12.034: [INFO] OnDoneLoading sync enabled: 0
2026-09-16 17:22:12.034: [INFO] BookmarkModelLoaded, ids_reassigned: 0
2026-09-16 17:22:12.034: [INFO] BookmarksLoadDropped droppedNodes=0
2026-09-16 17:22:12.034: [INFO] BookmarksSnapshot Startup total=0 bar=0 other=0 mobile=0 showBar=0 showBarNTP=1
2026-09-16 17:25:20.970: [INFO] BookmarksSnapshot Shutdown total=0 bar=0 other=0 mobile=0 showBar=0 showBarNTP=1
2026-09-16 17:27:13.216: [INFO] CurrentProfilePath: C:\Users\BEST-HP\OneDrive\SMR\2DAW\Desarrollo Entorno-servidor\1trimestrejava\.metadata\.plugins\org.eclipse.swt\EBWebView\Default
2026-09-16 17:27:13.216: [INFO] Profiles total count: 1
2026-09-16 17:27:13.216: [INFO] Profile: name=Perfil 1 path=C:\Users\BEST-HP\OneDrive\SMR\2DAW\Desarrollo Entorno-servidor\1trimestrejava\.metadata\.plugins\org.eclipse.swt\EBWebView\Default lastActive=2026-09-16T17:25:20.718Z
2026-09-16 17:27:13.216: [INFO] LastUsedProfileDir: C:\Users\BEST-HP\OneDrive\SMR\2DAW\Desarrollo Entorno-servidor\1trimestrejava\.metadata\.plugins\org.eclipse.swt\EBWebView\Default
2026-09-16 17:27:13.216: [INFO] MostRecentlyActiveProfile: name=Perfil 1 path=C:\Users\BEST-HP\OneDrive\SMR\2DAW\Desarrollo Entorno-servidor\1trimestrejava\.metadata\.plugins\org.eclipse.swt\EBWebView\Default lastActive=2026-09-16T17:25:20.718Z
2026-09-16 17:27:13.216: [INFO] OnDoneLoading sync enabled: 0
2026-09-16 17:27:13.216: [INFO] BookmarkModelLoaded, ids_reassigned: 0
2026-09-16 17:27:13.216: [INFO] BookmarksLoadDropped droppedNodes=0
2026-09-16 17:27:13.216: [INFO] BookmarksSnapshot Startup total=0 bar=0 other=0 mobile=0 showBar=0 showBarNTP=1
2026-09-16 20:50:03.536: [INFO] BookmarksSnapshot Shutdown total=0 bar=0 other=0 mobile=0 showBar=0 showBarNTP=1
2026-09-17 16:01:28.709: [INFO] CurrentProfilePath: C:\Users\BEST-HP\OneDrive\SMR\2DAW\Desarrollo Entorno-servidor\1trimestrejava\.metadata\.plugins\org.eclipse.swt\EBWebView\Default
2026-09-17 16:01:28.709: [INFO] Profiles total count: 1
2026-09-17 16:01:28.709: [INFO] Profile: name=Perfil 1 path=C:\Users\BEST-HP\OneDrive\SMR\2DAW\Desarrollo Entorno-servidor\1trimestrejava\.metadata\.plugins\org.eclipse.swt\EBWebView\Default lastActive=2026-09-16T20:33:37.070Z
2026-09-17 16:01:28.709: [INFO] LastUsedProfileDir: C:\Users\BEST-HP\OneDrive\SMR\2DAW\Desarrollo Entorno-servidor\1trimestrejava\.metadata\.plugins\org.eclipse.swt\EBWebView\Default
2026-09-17 16:01:28.709: [INFO] MostRecentlyActiveProfile: name=Perfil 1 path=C:\Users\BEST-HP\OneDrive\SMR\2DAW\Desarrollo Entorno-servidor\1trimestrejava\.metadata\.plugins\org.eclipse.swt\EBWebView\Default lastActive=2026-09-16T20:33:37.070Z
2026-09-17 16:01:28.710: [INFO] OnDoneLoading sync enabled: 0
2026-09-17 16:01:28.710: [INFO] BookmarkModelLoaded, ids_reassigned: 0
2026-09-17 16:01:28.710: [INFO] BookmarksLoadDropped droppedNodes=0
2026-09-17 16:01:28.710: [INFO] BookmarksSnapshot Startup total=0 bar=0 other=0 mobile=0 showBar=0 showBarNTP=1
2026-09-17 16:21:39.762: [INFO] BookmarksSnapshot Shutdown total=0 bar=0 other=0 mobile=0 showBar=0 showBarNTP=1
